<html>
<body>
<pre>
<h1>µVision Build Log</h1>
<h2>Tool Versions:</h2>
IDE-Version: µVision V5.18a
Copyright (C) 2016 ARM Ltd and ARM Germany GmbH. All rights reserved.
License Information: HaiBac Ngo, FE, LIC=AK1EV-PD06D-PH689-48KSM-T85HT-IUF30
 
Tool Versions:
Toolchain:       MDK-ARM Professional  Version: 5.18a
Toolchain Path:  C:\Keil_v5\ARM\ARMCC\Bin
C Compiler:      Armcc.exe V5.06 update 1 (build 61)
Assembler:       Armasm.exe V5.06 update 1 (build 61)
Linker/Locator:  ArmLink.exe V5.06 update 1 (build 61)
Library Manager: ArmAr.exe V5.06 update 1 (build 61)
Hex Converter:   FromElf.exe V5.06 update 1 (build 61)
CPU DLL:         SARMCM3.DLL V5.18a
Dialog DLL:      DCM.DLL V1.13.6.0
Target DLL:      STLink\ST-LINKIII-KEIL_SWO.dll V2.0.18.0
Dialog DLL:      TCM.DLL V1.14.8.0
 
<h2>Project:</h2>
D:\dev\ST95HF\STM32F3_ST95HF\Projects\ST95HF_ETEC\MDK-ARM\Project.uvprojx
Project File Date:  04/15/2016

<h2>Output:</h2>
*** Using Compiler 'V5.06 update 1 (build 61)', folder: 'C:\Keil_v5\ARM\ARMCC\Bin'
Build target 'STM32F303xC'
assembling startup_stm32f303xc.s...
compiling stm32f30x_comp.c...
compiling stm32f30x_adc.c...
compiling stm32f30x_can.c...
compiling stm32f30x_crc.c...
compiling stm32f30x_dbgmcu.c...
compiling stm32f30x_dac.c...
compiling stm32f30x_dma.c...
compiling stm32f30x_exti.c...
compiling stm32f30x_flash.c...
compiling stm32f30x_gpio.c...
compiling stm32f30x_fmc.c...
compiling stm32f30x_hrtim.c...
compiling stm32f30x_iwdg.c...
compiling stm32f30x_i2c.c...
compiling stm32f30x_misc.c...
compiling stm32f30x_opamp.c...
compiling stm32f30x_pwr.c...
compiling stm32f30x_rcc.c...
compiling stm32f30x_spi.c...
compiling stm32f30x_rtc.c...
compiling stm32f30x_syscfg.c...
compiling stm32f30x_wwdg.c...
compiling stm32f30x_usart.c...
compiling stm32f30x_tim.c...
compiling main.c...
compiling system_stm32f30x.c...
compiling stm32f30x_it.c...
linking...
Program Size: Code=408 RO-data=408 RW-data=0 ZI-data=1024  
"STM32F303xC\STM32F303xC.axf" - 0 Error(s), 0 Warning(s).

<h2>Software Packages used:</h2>

Package Vendor: ARM
                http://www.keil.com/pack/ARM.CMSIS.4.5.0.pack
                ARM::CMSIS:CORE:4.3.0
                CMSIS (Cortex Microcontroller Software Interface Standard)
   * Component: CORE Version: 4.3.0

<h2>Collection of Component include folders:</h2>
  D:\dev\ST95HF\STM32F3_ST95HF\Projects\ST95HF_ETEC\MDK-ARM\RTE
  C:\Keil_v5\ARM\PACK\ARM\CMSIS\4.5.0\CMSIS\Include
  C:\Keil_v5\ARM\PACK\Keil\STM32F3xx_DFP\1.3.0\Device\Include

<h2>Collection of Component Files used:</h2>

   * Component: ARM::CMSIS:CORE:4.3.0
Build Time Elapsed:  00:00:12
</pre>
</body>
</html>
